c:\users\shayan\onedrive\desktop\coal\debug\coal.exe
c:\users\shayan\onedrive\desktop\coal\debug\coal.pdb
c:\users\shayan\onedrive\desktop\coal\coal\debug\assignment.obj
c:\users\shayan\onedrive\desktop\coal\coal\debug\lab1task.obj
c:\users\shayan\onedrive\desktop\coal\coal\debug\labassessment.obj
c:\users\shayan\onedrive\desktop\coal\coal\debug\lab_10.obj
c:\users\shayan\onedrive\desktop\coal\coal\debug\lab_11.obj
c:\users\shayan\onedrive\desktop\coal\coal\debug\lab_13.obj
c:\users\shayan\onedrive\desktop\coal\coal\debug\lab_2.obj
c:\users\shayan\onedrive\desktop\coal\coal\debug\lab_6.obj
c:\users\shayan\onedrive\desktop\coal\coal\debug\lab_7.obj
c:\users\shayan\onedrive\desktop\coal\coal\debug\prep.obj
c:\users\shayan\onedrive\desktop\coal\coal\debug\typing.obj
c:\users\shayan\onedrive\desktop\coal\coal\debug\coal.ilk
c:\users\shayan\onedrive\desktop\coal\coal\debug\check.obj
c:\users\shayan\onedrive\desktop\coal\coal\debug\coal.tlog\link.command.1.tlog
c:\users\shayan\onedrive\desktop\coal\coal\debug\coal.tlog\link.read.1.tlog
c:\users\shayan\onedrive\desktop\coal\coal\debug\coal.tlog\link.secondary.1.tlog
c:\users\shayan\onedrive\desktop\coal\coal\debug\coal.tlog\link.write.1.tlog
c:\users\shayan\onedrive\desktop\coal\coal\debug\coal.tlog\masm.read.1u.tlog
c:\users\shayan\onedrive\desktop\coal\coal\debug\coal.tlog\masm.write.1u.tlog
